// Jest Snapshot v1, https://goo.gl/fbAQLP

exports[`Profile Exit correctly rendered 1`] = `
<DocumentFragment>
  <h2
    class=""
  >
    Уходите?
  </h2>
  <button
    class=""
  >
    Да
  </button>
</DocumentFragment>
`;
