// Jest Snapshot v1, https://goo.gl/fbAQLP

exports[`Registration correctly rendered 1`] = `
<DocumentFragment>
  <div>
    <h2
      class=""
    >
      Регистрация
    </h2>
    <form
      id="r:id"
    >
      <div
        class=""
        data-error="false"
      >
        <div
          class=""
        >
          <label
            for="firstName"
          >
            Имя
          </label>
          <input
            id="firstName"
            name="firstName"
            placeholder="Иван"
          />
        </div>
        <div />
      </div>
      <div
        class=""
        data-error="false"
      >
        <div
          class=""
        >
          <label
            for="secondName"
          >
            Фамилия
          </label>
          <input
            id="secondName"
            name="secondName"
            placeholder="Иванов"
          />
        </div>
        <div />
      </div>
      <div
        class=""
        data-error="false"
      >
        <div
          class=""
        >
          <label
            for="email"
          >
            Почта
          </label>
          <input
            id="email"
            name="email"
            placeholder="ivan@test.ru"
          />
        </div>
        <div />
      </div>
      <div
        class=""
        data-error="false"
      >
        <div
          class=""
        >
          <label
            for="phone"
          >
            Телефон
          </label>
          <input
            id="phone"
            name="phone"
            placeholder="+7 999 999 99 99"
          />
        </div>
        <div />
      </div>
      <div
        class=""
        data-error="false"
      >
        <div
          class=""
        >
          <label
            for="login"
          >
            Логин
          </label>
          <input
            id="login"
            name="login"
            placeholder="ivan_ivanov"
          />
        </div>
        <div />
      </div>
      <div
        class=""
        data-error="false"
      >
        <div
          class=""
        >
          <label
            for="password"
          >
            Пароль
          </label>
          <input
            id="password"
            name="password"
            placeholder="qwerty"
            type="password"
          />
        </div>
        <div />
      </div>
      <div
        class=""
        data-error="false"
      >
        <div
          class=""
        >
          <label
            for="repeatPassword"
          >
            Пароль (ещё раз)
          </label>
          <input
            id="repeatPassword"
            name="repeatPassword"
            placeholder="qwerty"
            type="password"
          />
        </div>
        <div />
      </div>
    </form>
    <div>
      <button
        class=""
        disabled=""
        form="r:id"
        type="submit"
      >
        Сохранить
      </button>
      <a
        href="/login"
      >
        Вход
      </a>
    </div>
  </div>
</DocumentFragment>
`;
