// Jest Snapshot v1, https://goo.gl/fbAQLP

exports[`Profile Info correctly rendered 1`] = `
<DocumentFragment>
  <div
    class=""
  >
    <img
      alt="Avatar"
    />
    <input
      name="avatar"
      type="file"
    />
  </div>
  <h2
    class=""
  >
    ivan
  </h2>
  <div>
    <form
      id="r:id"
    >
      <div
        class=""
        data-error="false"
      >
        <div
          class=""
        >
          <label
            for="login"
          >
            Логин
          </label>
          <input
            disabled=""
            id="login"
            name="login"
            placeholder="ivan_ivanov"
            readonly=""
          />
        </div>
        <div />
      </div>
      <div
        class=""
        data-error="false"
      >
        <div
          class=""
        >
          <label
            for="displayName"
          >
            Никнейм
          </label>
          <input
            disabled=""
            id="displayName"
            name="displayName"
            placeholder="ivan"
            readonly=""
          />
        </div>
        <div />
      </div>
      <div
        class=""
        data-error="false"
      >
        <div
          class=""
        >
          <label
            for="firstName"
          >
            Имя
          </label>
          <input
            disabled=""
            id="firstName"
            name="firstName"
            placeholder="Иван"
            readonly=""
          />
        </div>
        <div />
      </div>
      <div
        class=""
        data-error="false"
      >
        <div
          class=""
        >
          <label
            for="secondName"
          >
            Фамилия
          </label>
          <input
            disabled=""
            id="secondName"
            name="secondName"
            placeholder="Иванов"
            readonly=""
          />
        </div>
        <div />
      </div>
      <div
        class=""
        data-error="false"
      >
        <div
          class=""
        >
          <label
            for="email"
          >
            Почта
          </label>
          <input
            disabled=""
            id="email"
            name="email"
            placeholder="ivan@test.ru"
            readonly=""
          />
        </div>
        <div />
      </div>
      <div
        class=""
        data-error="false"
      >
        <div
          class=""
        >
          <label
            for="phone"
          >
            Телефон
          </label>
          <input
            disabled=""
            id="phone"
            name="phone"
            placeholder="+7 999 999 99 99"
            readonly=""
          />
        </div>
        <div />
      </div>
    </form>
    <div>
      <button
        class=""
        form="r:id"
        type="submit"
      >
        Изменить
      </button>
    </div>
  </div>
</DocumentFragment>
`;
