// Jest Snapshot v1, https://goo.gl/fbAQLP

exports[`Profile Password correctly rendered 1`] = `
<DocumentFragment>
  <h2
    class=""
  >
    Изменить пароль
  </h2>
  <div>
    <form
      id="r:id"
    >
      <div
        class=""
        data-error="false"
      >
        <div
          class=""
        >
          <label
            for="oldPassword"
          >
            Старый пароль
          </label>
          <input
            id="oldPassword"
            name="oldPassword"
            placeholder="qwerty"
            type="password"
          />
        </div>
        <div />
      </div>
      <div
        class=""
        data-error="false"
      >
        <div
          class=""
        >
          <label
            for="newPassword"
          >
            Новый пароль
          </label>
          <input
            id="newPassword"
            name="newPassword"
            placeholder="qwerty"
            type="password"
          />
        </div>
        <div />
      </div>
      <div
        class=""
        data-error="false"
      >
        <div
          class=""
        >
          <label
            for="newPasswordRepeat"
          >
            Новый пароль (еще раз)
          </label>
          <input
            id="newPasswordRepeat"
            name="newPasswordRepeat"
            placeholder="qwerty"
            type="password"
          />
        </div>
        <div />
      </div>
    </form>
    <div>
      <button
        class=""
        disabled=""
        form="r:id"
        type="submit"
      >
        Сохранить
      </button>
    </div>
  </div>
</DocumentFragment>
`;
